Tom collects poisonous herbs from the cottage and makes poison.
Tom collects the medicinal herbs from the cottage.
Tom goes to the town.
Tom breaks into the alchemists shop WITHOUT waking her up to poison the alchemist.
Tom changes his mind.
Tom steals the recipe WITHOUT anyone noticing.
Tom makes the medicine using the herbs.
