Tom collects the medicinal herbs from the cottage.
Tom goes to the town.
Tom breaks into the alchemists shop WITHOUT waking her up to steal the recipe.
Tom changes his mind.
Tom goes to the town.
Tom knocks on the door and the alchemist lets him into the shop.
Tom gives the herbs to the alchemist to make medicine.
Tom changes his mind.
Tom buys the herbs with a silver coin.
Tom steals the recipe from the alchemist.
Tom makes the medicine using the herbs.
The alchemist calls for the guard.
The guard arrests Tom.
