Tom collects the medicinal herbs from the cottage.
Tom goes to the town.
Tom knocks on the door and the alchemist lets him into the shop.
Tom tells the alchemist about the herbs in the cottage.
The alchemist leaves the shop to collect the herbs.
Tom changes his mind.
Tom goes to the town.
Tom gives the herbs to the alchemist to make medicine.
The alchemist comes back to the shop.
Tom knocks on the door and the alchemist lets him into the shop.
The alchemist makes the medicine using the herbs.
Tom buys the medicine with a silver coin.
