Tom goes to the town.
Tom knocks on the door and the alchemist lets him into the shop.
Tom tells the alchemist about the herbs in the cottage.
The alchemist leaves the shop to collect the herbs.
Tom steals the recipe WITHOUT anyone noticing.
The alchemist collects the herbs.
The alchemist comes back to the shop.
Tom steals the herbs from the alchemist.
Tom makes the medicine using the herbs.
The alchemist calls for the guard.
The guard arrests Tom.
