Tom collects the medicinal herbs from the cottage.
Tom goes to the town.
Tom knocks on the door and the alchemist lets him into the shop.
Tom gives the herbs to the alchemist to make medicine.
The alchemist makes the medicine using the herbs.
Tom buys the medicine with a silver coin.
