Tom collects the medicinal herbs from the cottage.
Tom goes to the town.
Tom knocks on the door and the alchemist lets him into the shop.
Tom gives the herbs to the alchemist to make medicine.
Tom changes his mind.
Tom steals the herbs from the alchemist.
Tom steals the recipe from the alchemist.
Tom makes the medicine using the herbs.
The alchemist calls for the guard.
The guard arrests Tom.
